 ERR_PNPM_NO_SCRIPT  Missing script: test

Command "test" not found.
